// Jest Snapshot v1, https://goo.gl/fbAQLP

exports[`<PhotoGrid/> renders and matches snapshot 1`] = `
<DocumentFragment>
  <div
    class="style__Grid-sc-1if1ioi-0 RDiNo"
  >
    <figure
      class="style__Figure-cjo9le-0 kWuZVR"
    >
      <div
        class="grid-photo-wrap"
      >
        <a
          href="/view/test"
        >
          <img
            alt="This is a test"
            class="grid-photo"
            src="test.jpg"
          />
        </a>
        <div
          class="LikeAnimation__Animation-sc-1q1izn2-0 fqDDFP"
        >
          <div>
            <span
              class="like LikeAnimation__Likes-sc-1q1izn2-1 kCBfRn"
            >
              7
            </span>
          </div>
        </div>
      </div>
      <figcaption
        data-testid="caption"
      >
        <p>
          This is a test
        </p>
        <div
          class="control-buttons"
        >
          <button
            class="likes"
          >
            <i
              class="fa fa-heart"
              data-testid="likes"
            />
             7
          </button>
          <a
            class="button"
            href="/rockstagram/view/test"
          >
            <span
              class="comment-count"
              data-testid="count"
            >
              <i
                class="fa fa-comment"
              />
               1
            </span>
          </a>
        </div>
      </figcaption>
    </figure>
  </div>
</DocumentFragment>
`;
