// Jest Snapshot v1, https://goo.gl/fbAQLP

exports[`<Single/> renders and matches snapshot 1`] = `
<DocumentFragment>
  <div
    class="style__SinglePhoto-nsdyyb-0 gUoAhO"
  >
    <figure
      class="style__Figure-cjo9le-0 kWuZVR"
    >
      <div
        class="grid-photo-wrap"
      >
        <a
          href="/view/test"
        >
          <img
            alt="This is a test"
            class="grid-photo"
            src="test.jpg"
          />
        </a>
        <div
          class="LikeAnimation__Animation-sc-1q1izn2-0 fqDDFP"
        >
          <div>
            <span
              class="like LikeAnimation__Likes-sc-1q1izn2-1 kCBfRn"
            >
              7
            </span>
          </div>
        </div>
      </div>
      <figcaption
        data-testid="caption"
      >
        <p>
          This is a test
        </p>
        <div
          class="control-buttons"
        >
          <button
            class="likes"
          >
            <i
              class="fa fa-heart"
              data-testid="likes"
            />
             7
          </button>
          <a
            class="button"
            href="/rockstagram/view/test"
          >
            <span
              class="comment-count"
              data-testid="count"
            >
              <i
                class="fa fa-comment"
              />
               1
            </span>
          </a>
        </div>
      </figcaption>
    </figure>
    <div
      class="style__CommentGrid-sc-10wf6c9-1 uoWPB"
    >
      <div
        class="style__Comment-sc-10wf6c9-0 fgtolA"
        data-testid="comment"
      >
        <p>
          <strong>
            kingmob
          </strong>
          This is a test
          <button
            class="remove-comment"
            data-testid="remove-comment"
          >
            Ã—
          </button>
        </p>
      </div>
      <form
        class="comment-form"
        data-testid="form"
        id="form"
      >
        <input
          data-testid="author"
          name="author"
          placeholder="Author"
          type="text"
        />
        <input
          data-testid="text"
          name="comment"
          placeholder="Comment here..."
          type="text"
        />
        <input
          hidden=""
          type="submit"
        />
      </form>
    </div>
  </div>
</DocumentFragment>
`;
